// Jest Snapshot v1, https://goo.gl/fbAQLP

exports[`utils/object test test snapshot  1`] = `"124"`;
